[dotenv@17.2.1] injecting env (14) from .env -- tip: 🔐 prevent committing .env to code: https://dotenvx.com/precommit
[BOOT] 2025-08-31T14:25:27.092Z express 5.1.0
[MOUNT] Casino routes at: /casino/api/v1
[MOUNT] Casino health at: /casino/api/v1/health
[MOUNT] Creating RGS router
[MOUNT] RGS router at: /rgs/api/v1
=== ENV VALUES ===
NODE_ENV: test
API_BASE_PATH: /casino/api/v1
RGS_BASE_PATH: /rgs/api/v1
ORCH_ENABLED: undefined
ORCH_BASE_PATH: undefined
COMPAT_ROUTES: undefined
DEV_SEED: undefined
USE_SQLITE: true
=== VERSIONS ===
Node: v20.11.1
Express: 5.1.0
=== RUNTIME VALUES ===
RGS_BASE_PATH runtime: /rgs/api/v1
RGS_BASE_PATH length: 11
RGS_BASE_PATH charCodes: [
  47, 114, 103, 115,  47,
  97, 112, 105,  47, 118,
  49
]
[TOP] GET /casino/api/v1/health
[RGS-HEALTH-HIT] GET /casino/api/v1/health pathInRouter= /
[TOP] POST /casino/api/v1/wallet/cancel
[TOP] POST /casino/api/v1/wallet/cancel
[TOP] GET /casino/api/v1/health
[RGS-HEALTH-HIT] GET /casino/api/v1/health pathInRouter= /
[TOP] POST /casino/api/v1/wallet/debit
[TOP] POST /casino/api/v1/wallet/debit
[TOP] POST /casino/api/v1/wallet/credit
[TOP] POST /casino/api/v1/wallet/credit
[TOP] GET /casino/api/v1/health
[RGS-HEALTH-HIT] GET /casino/api/v1/health pathInRouter= /
[TOP] GET /casino/api/v1/health
[RGS-HEALTH-HIT] GET /casino/api/v1/health pathInRouter= /
[TOP] POST /casino/api/v1/wallet/debit
[TOP] POST /casino/api/v1/wallet/debit
[TOP] POST /casino/api/v1/wallet/credit
[TOP] POST /casino/api/v1/wallet/credit
